The beginning of a static text that never changes from run to run\.
Current date: [0-9]{4}-[0-9]{2}-[0-9]{2} [0-9]{2}:[0-9]{2}:[0-9]{2}(\.[0-9]+)?
Current module: .*/tests/test_foo.py
The text \*may have\* regex special\(\?\) metacharacters that \[would be\] escaped properly\.
